MPLINK 5.00, LINKER
Linker Map File - Created Mon Apr 26 15:44:04 2021

                                 Section Info
                  Section       Type    Address   Location Size(Bytes)
                ---------  ---------  ---------  ---------  ---------
                   .org_0       code   0x000000    program   0x000004
                   .cinit    romdata   0x000004    program   0x000002
                   .org_1       code   0x000008    program   0x000022
                   .org_2       code   0x000050    program   0x000250
.config_300001_BUILD/DEFAULT/DEBUG/NEWASMTEMPLA    romdata   0x300001    program   0x000001
.config_300002_BUILD/DEFAULT/DEBUG/NEWASMTEMPLA    romdata   0x300002    program   0x000001
.config_300003_BUILD/DEFAULT/DEBUG/NEWASMTEMPLA    romdata   0x300003    program   0x000001
.config_300005_BUILD/DEFAULT/DEBUG/NEWASMTEMPLA    romdata   0x300005    program   0x000001
.config_300006_BUILD/DEFAULT/DEBUG/NEWASMTEMPLA    romdata   0x300006    program   0x000001
.config_300008_BUILD/DEFAULT/DEBUG/NEWASMTEMPLA    romdata   0x300008    program   0x000001
.config_300009_BUILD/DEFAULT/DEBUG/NEWASMTEMPLA    romdata   0x300009    program   0x000001
.config_30000A_BUILD/DEFAULT/DEBUG/NEWASMTEMPLA    romdata   0x30000a    program   0x000001
.config_30000B_BUILD/DEFAULT/DEBUG/NEWASMTEMPLA    romdata   0x30000b    program   0x000001
.config_30000C_BUILD/DEFAULT/DEBUG/NEWASMTEMPLA    romdata   0x30000c    program   0x000001
.config_30000D_BUILD/DEFAULT/DEBUG/NEWASMTEMPLA    romdata   0x30000d    program   0x000001



                              Program Memory Usage 
                               Start         End      
                           ---------   ---------      
                            0x000000    0x000005      
                            0x000008    0x000029      
                            0x000050    0x00029f      
                            0x300001    0x300003      
                            0x300005    0x300006      
                            0x300008    0x30000d      
            643 out of 33048 program addresses used, program memory utilization is 1%



                              Symbols - Sorted by Name
                     Name    Address   Location    Storage File                     
                ---------  ---------  ---------  --------- ---------                
                       Up   0x000096    program     static E:\Desktop\Hoc\DA_Vxl_Vdk\Assembly\full_temp.X\newAsmTemplate.asm
                 cho_phep   0x00025c    program     static E:\Desktop\Hoc\DA_Vxl_Vdk\Assembly\full_temp.X\newAsmTemplate.asm
                    delay   0x000282    program     static E:\Desktop\Hoc\DA_Vxl_Vdk\Assembly\full_temp.X\newAsmTemplate.asm
                   delay2   0x000290    program     static E:\Desktop\Hoc\DA_Vxl_Vdk\Assembly\full_temp.X\newAsmTemplate.asm
               ghi_dulieu   0x000242    program     static E:\Desktop\Hoc\DA_Vxl_Vdk\Assembly\full_temp.X\newAsmTemplate.asm
                 ghi_lenh   0x00024e    program     static E:\Desktop\Hoc\DA_Vxl_Vdk\Assembly\full_temp.X\newAsmTemplate.asm
                      lap   0x000286    program     static E:\Desktop\Hoc\DA_Vxl_Vdk\Assembly\full_temp.X\newAsmTemplate.asm
                     lap2   0x000294    program     static E:\Desktop\Hoc\DA_Vxl_Vdk\Assembly\full_temp.X\newAsmTemplate.asm
                     loop   0x000080    program     static E:\Desktop\Hoc\DA_Vxl_Vdk\Assembly\full_temp.X\newAsmTemplate.asm
                     main   0x000050    program     static E:\Desktop\Hoc\DA_Vxl_Vdk\Assembly\full_temp.X\newAsmTemplate.asm
                    muc_0   0x0000b8    program     static E:\Desktop\Hoc\DA_Vxl_Vdk\Assembly\full_temp.X\newAsmTemplate.asm
                    muc_1   0x000116    program     static E:\Desktop\Hoc\DA_Vxl_Vdk\Assembly\full_temp.X\newAsmTemplate.asm
                    muc_2   0x00017a    program     static E:\Desktop\Hoc\DA_Vxl_Vdk\Assembly\full_temp.X\newAsmTemplate.asm
                    muc_3   0x0001de    program     static E:\Desktop\Hoc\DA_Vxl_Vdk\Assembly\full_temp.X\newAsmTemplate.asm
                    start   0x000084    program     static E:\Desktop\Hoc\DA_Vxl_Vdk\Assembly\full_temp.X\newAsmTemplate.asm



                              Symbols - Sorted by Address
                     Name    Address   Location    Storage File                     
                ---------  ---------  ---------  --------- ---------                
                     main   0x000050    program     static E:\Desktop\Hoc\DA_Vxl_Vdk\Assembly\full_temp.X\newAsmTemplate.asm
                     loop   0x000080    program     static E:\Desktop\Hoc\DA_Vxl_Vdk\Assembly\full_temp.X\newAsmTemplate.asm
                    start   0x000084    program     static E:\Desktop\Hoc\DA_Vxl_Vdk\Assembly\full_temp.X\newAsmTemplate.asm
                       Up   0x000096    program     static E:\Desktop\Hoc\DA_Vxl_Vdk\Assembly\full_temp.X\newAsmTemplate.asm
                    muc_0   0x0000b8    program     static E:\Desktop\Hoc\DA_Vxl_Vdk\Assembly\full_temp.X\newAsmTemplate.asm
                    muc_1   0x000116    program     static E:\Desktop\Hoc\DA_Vxl_Vdk\Assembly\full_temp.X\newAsmTemplate.asm
                    muc_2   0x00017a    program     static E:\Desktop\Hoc\DA_Vxl_Vdk\Assembly\full_temp.X\newAsmTemplate.asm
                    muc_3   0x0001de    program     static E:\Desktop\Hoc\DA_Vxl_Vdk\Assembly\full_temp.X\newAsmTemplate.asm
               ghi_dulieu   0x000242    program     static E:\Desktop\Hoc\DA_Vxl_Vdk\Assembly\full_temp.X\newAsmTemplate.asm
                 ghi_lenh   0x00024e    program     static E:\Desktop\Hoc\DA_Vxl_Vdk\Assembly\full_temp.X\newAsmTemplate.asm
                 cho_phep   0x00025c    program     static E:\Desktop\Hoc\DA_Vxl_Vdk\Assembly\full_temp.X\newAsmTemplate.asm
                    delay   0x000282    program     static E:\Desktop\Hoc\DA_Vxl_Vdk\Assembly\full_temp.X\newAsmTemplate.asm
                      lap   0x000286    program     static E:\Desktop\Hoc\DA_Vxl_Vdk\Assembly\full_temp.X\newAsmTemplate.asm
                   delay2   0x000290    program     static E:\Desktop\Hoc\DA_Vxl_Vdk\Assembly\full_temp.X\newAsmTemplate.asm
                     lap2   0x000294    program     static E:\Desktop\Hoc\DA_Vxl_Vdk\Assembly\full_temp.X\newAsmTemplate.asm


