MPLINK 5.00, LINKER
Linker Map File - Created Tue Apr 27 20:09:50 2021

                                 Section Info
                  Section       Type    Address   Location Size(Bytes)
                ---------  ---------  ---------  ---------  ---------
                   .org_0       code   0x000000    program   0x000004
                   .cinit    romdata   0x000004    program   0x000002
                   .org_1       code   0x000008    program   0x00002e
                   .org_2       code   0x000050    program   0x00027c
.config_300001_BUILD/DEFAULT/PRODUCTION/NEWASMT    romdata   0x300001    program   0x000001
.config_300002_BUILD/DEFAULT/PRODUCTION/NEWASMT    romdata   0x300002    program   0x000001
.config_300003_BUILD/DEFAULT/PRODUCTION/NEWASMT    romdata   0x300003    program   0x000001
.config_300005_BUILD/DEFAULT/PRODUCTION/NEWASMT    romdata   0x300005    program   0x000001
.config_300006_BUILD/DEFAULT/PRODUCTION/NEWASMT    romdata   0x300006    program   0x000001
.config_300008_BUILD/DEFAULT/PRODUCTION/NEWASMT    romdata   0x300008    program   0x000001
.config_300009_BUILD/DEFAULT/PRODUCTION/NEWASMT    romdata   0x300009    program   0x000001
.config_30000A_BUILD/DEFAULT/PRODUCTION/NEWASMT    romdata   0x30000a    program   0x000001
.config_30000B_BUILD/DEFAULT/PRODUCTION/NEWASMT    romdata   0x30000b    program   0x000001
.config_30000C_BUILD/DEFAULT/PRODUCTION/NEWASMT    romdata   0x30000c    program   0x000001
.config_30000D_BUILD/DEFAULT/PRODUCTION/NEWASMT    romdata   0x30000d    program   0x000001



                              Program Memory Usage 
                               Start         End      
                           ---------   ---------      
                            0x000000    0x000005      
                            0x000008    0x000035      
                            0x000050    0x0002cb      
                            0x300001    0x300003      
                            0x300005    0x300006      
                            0x300008    0x30000d      
            699 out of 33048 program addresses used, program memory utilization is 2%



                              Symbols - Sorted by Name
                     Name    Address   Location    Storage File                     
                ---------  ---------  ---------  --------- ---------                
                     Down   0x0000c4    program     static E:\Desktop\Hoc\DA_Vxl_Vdk\Assembly\DA_VXL_ASM_Git\newAsmTemplate.asm
                       Up   0x0000a2    program     static E:\Desktop\Hoc\DA_Vxl_Vdk\Assembly\DA_VXL_ASM_Git\newAsmTemplate.asm
                 cho_phep   0x000288    program     static E:\Desktop\Hoc\DA_Vxl_Vdk\Assembly\DA_VXL_ASM_Git\newAsmTemplate.asm
                    delay   0x0002ae    program     static E:\Desktop\Hoc\DA_Vxl_Vdk\Assembly\DA_VXL_ASM_Git\newAsmTemplate.asm
                   delay2   0x0002bc    program     static E:\Desktop\Hoc\DA_Vxl_Vdk\Assembly\DA_VXL_ASM_Git\newAsmTemplate.asm
               ghi_dulieu   0x000270    program     static E:\Desktop\Hoc\DA_Vxl_Vdk\Assembly\DA_VXL_ASM_Git\newAsmTemplate.asm
                 ghi_lenh   0x00027c    program     static E:\Desktop\Hoc\DA_Vxl_Vdk\Assembly\DA_VXL_ASM_Git\newAsmTemplate.asm
                      lap   0x0002b2    program     static E:\Desktop\Hoc\DA_Vxl_Vdk\Assembly\DA_VXL_ASM_Git\newAsmTemplate.asm
                     lap2   0x0002c0    program     static E:\Desktop\Hoc\DA_Vxl_Vdk\Assembly\DA_VXL_ASM_Git\newAsmTemplate.asm
                     loop   0x000080    program     static E:\Desktop\Hoc\DA_Vxl_Vdk\Assembly\DA_VXL_ASM_Git\newAsmTemplate.asm
                     main   0x000050    program     static E:\Desktop\Hoc\DA_Vxl_Vdk\Assembly\DA_VXL_ASM_Git\newAsmTemplate.asm
                    muc_0   0x0000e6    program     static E:\Desktop\Hoc\DA_Vxl_Vdk\Assembly\DA_VXL_ASM_Git\newAsmTemplate.asm
                    muc_1   0x000144    program     static E:\Desktop\Hoc\DA_Vxl_Vdk\Assembly\DA_VXL_ASM_Git\newAsmTemplate.asm
                    muc_2   0x0001a8    program     static E:\Desktop\Hoc\DA_Vxl_Vdk\Assembly\DA_VXL_ASM_Git\newAsmTemplate.asm
                    muc_3   0x00020c    program     static E:\Desktop\Hoc\DA_Vxl_Vdk\Assembly\DA_VXL_ASM_Git\newAsmTemplate.asm
                    start   0x000088    program     static E:\Desktop\Hoc\DA_Vxl_Vdk\Assembly\DA_VXL_ASM_Git\newAsmTemplate.asm



                              Symbols - Sorted by Address
                     Name    Address   Location    Storage File                     
                ---------  ---------  ---------  --------- ---------                
                     main   0x000050    program     static E:\Desktop\Hoc\DA_Vxl_Vdk\Assembly\DA_VXL_ASM_Git\newAsmTemplate.asm
                     loop   0x000080    program     static E:\Desktop\Hoc\DA_Vxl_Vdk\Assembly\DA_VXL_ASM_Git\newAsmTemplate.asm
                    start   0x000088    program     static E:\Desktop\Hoc\DA_Vxl_Vdk\Assembly\DA_VXL_ASM_Git\newAsmTemplate.asm
                       Up   0x0000a2    program     static E:\Desktop\Hoc\DA_Vxl_Vdk\Assembly\DA_VXL_ASM_Git\newAsmTemplate.asm
                     Down   0x0000c4    program     static E:\Desktop\Hoc\DA_Vxl_Vdk\Assembly\DA_VXL_ASM_Git\newAsmTemplate.asm
                    muc_0   0x0000e6    program     static E:\Desktop\Hoc\DA_Vxl_Vdk\Assembly\DA_VXL_ASM_Git\newAsmTemplate.asm
                    muc_1   0x000144    program     static E:\Desktop\Hoc\DA_Vxl_Vdk\Assembly\DA_VXL_ASM_Git\newAsmTemplate.asm
                    muc_2   0x0001a8    program     static E:\Desktop\Hoc\DA_Vxl_Vdk\Assembly\DA_VXL_ASM_Git\newAsmTemplate.asm
                    muc_3   0x00020c    program     static E:\Desktop\Hoc\DA_Vxl_Vdk\Assembly\DA_VXL_ASM_Git\newAsmTemplate.asm
               ghi_dulieu   0x000270    program     static E:\Desktop\Hoc\DA_Vxl_Vdk\Assembly\DA_VXL_ASM_Git\newAsmTemplate.asm
                 ghi_lenh   0x00027c    program     static E:\Desktop\Hoc\DA_Vxl_Vdk\Assembly\DA_VXL_ASM_Git\newAsmTemplate.asm
                 cho_phep   0x000288    program     static E:\Desktop\Hoc\DA_Vxl_Vdk\Assembly\DA_VXL_ASM_Git\newAsmTemplate.asm
                    delay   0x0002ae    program     static E:\Desktop\Hoc\DA_Vxl_Vdk\Assembly\DA_VXL_ASM_Git\newAsmTemplate.asm
                      lap   0x0002b2    program     static E:\Desktop\Hoc\DA_Vxl_Vdk\Assembly\DA_VXL_ASM_Git\newAsmTemplate.asm
                   delay2   0x0002bc    program     static E:\Desktop\Hoc\DA_Vxl_Vdk\Assembly\DA_VXL_ASM_Git\newAsmTemplate.asm
                     lap2   0x0002c0    program     static E:\Desktop\Hoc\DA_Vxl_Vdk\Assembly\DA_VXL_ASM_Git\newAsmTemplate.asm


